
=== О моём перерождении в слизь 4 ===
SHIKI {'host': 'https://shikimori.io/api/graphql', 'ms': 798, 'rows': [{'id': '59970', 'name': 'Tensei shitara Slime Datta Ken 4th Season', 'russian': 'О моём перерождении в слизь 4', 'english': 'That Time I Got Reincarnated as a Slime Season 4', 'airedOn': {'year': 2026}}, {'id': '63129', 'name': 'Tensei shitara Slime Datta Ken 4th Season Part 2', 'russian': 'О моём перерождении в слизь 4. Часть 2', 'english': 'That Time I Got Reincarnated as a Slime Season 4 Part 2', 'airedOn': {'year': None}}, {'id': '39607', 'name': 'Tensei shitara Slime Datta Ken: Kanwa - Veldora Nikki', 'russian': 'О моём перерождении в слизь: Дневник Вельдоры', 'english': "That Time I Got Reincarnated as a Slime: Tales - Veldora's Journal", 'airedOn': {'year': 2019}}], 'error': ''}
YUMMY_MAL {'mal': '59970', 'status': 200, 'ms': 532, 'rows': [{'anime_id': 15066, 'title': 'О моём перерождении в слизь 4', 'year': 2026, 'mal': 59970, 'shiki': 59970, 'episodes': None}], 'error': ''}
Traceback (most recent call last):
  File "/home/runner/work/Lsoiwnqklalsn/Lsoiwnqklalsn/scripts/source_audit.py", line 148, in <module>
    sys.exit(main())
             ^^^^^^
  File "/home/runner/work/Lsoiwnqklalsn/Lsoiwnqklalsn/scripts/source_audit.py", line 137, in main
    result = audit_yummy(yrow) if yrow else {"error": "no Yummy match"}
             ^^^^^^^^^^^^^^^^^
  File "/home/runner/work/Lsoiwnqklalsn/Lsoiwnqklalsn/scripts/source_audit.py", line 97, in audit_yummy
    st, sh, body, et = fetch(first_url, headers={"Referer": "https://yani.tv/"}, timeout=20)
                       ^^^^^^^^^^^^^^^^^^^^^^^^^^^^^^^^^^^^^^^^^^^^^^^^^^^^^^^^^^^^^^^^^^^^^
  File "/home/runner/work/Lsoiwnqklalsn/Lsoiwnqklalsn/scripts/source_audit.py", line 17, in fetch
    req = Request(url, data=data, headers=h, method="POST" if data is not None else "GET")
          ^^^^^^^^^^^^^^^^^^^^^^^^^^^^^^^^^^^^^^^^^^^^^^^^^^^^^^^^^^^^^^^^^^^^^^^^^^^^^^^^
  File "/usr/lib/python3.12/urllib/request.py", line 318, in __init__
    self.full_url = url
    ^^^^^^^^^^^^^
  File "/usr/lib/python3.12/urllib/request.py", line 344, in full_url
    self._parse()
  File "/usr/lib/python3.12/urllib/request.py", line 373, in _parse
    raise ValueError("unknown url type: %r" % self.full_url)
ValueError: unknown url type: '//kodikplayer.com/season/117971/8af7e0f0ebf3aa3d14b230717a2fbc8e/720p?translations=false&only_episode=true&only_season=true&episode=1'
